// Jest Snapshot v1, https://goo.gl/fbAQLP

exports[`FooterForm renders correctly if no data 1`] = `
<Component
  courseId=""
  destroyOnUnmount={true}
  enableReinitialize={true}
  forceUnregisterOnUnmount={false}
  form="footerForm"
  getFormState={[Function]}
  keepDirtyOnReinitialize={false}
  persistentSubmitErrors={false}
  pure={true}
  shouldAsyncValidate={[Function]}
  shouldError={[Function]}
  shouldValidate={[Function]}
  shouldWarn={[Function]}
  submitApi={[MockFunction]}
  taskId={0}
  touchOnBlur={true}
  touchOnChange={false}
  updateUnregisteredFields={false}
/>
`;
