// Jest Snapshot v1, https://goo.gl/fbAQLP

exports[`TaskForm renders correctly if no data 1`] = `
<div
  className="card border-undefined mb-3"
>
  <div
    className="card-header bg-undefined"
  />
  <FooterForm
    title=""
    urlToDescription=""
  />
  <div
    className="card-footer"
  />
</div>
`;
